2:
    selected: false
    lineNumber: 2
    value: '2'
    isSelected: false
3:
    selected: true
    lineNumber: 3
    value: '3'
    isSelected: true
4:
    selected: true
    lineNumber: 4
    value: '4'
    isSelected: true
5:
    selected: false
    lineNumber: 5
    value: '5'
    isSelected: false
