1:
    selected: false
    lineNumber: 1
    value: '<?php'
    isSelected: false
2:
    selected: true
    lineNumber: 2
    value: '    ray(''12345'');'
    isSelected: true
3:
    selected: true
    lineNumber: 3
    value: ''
    isSelected: true
4:
    selected: false
    lineNumber: 4
    value: '    printf("%s\n", strtolower(''TEST''));'
    isSelected: false
