2:
    selected: true
    lineNumber: 2
    value: ''
    isSelected: true
3:
    selected: true
    lineNumber: 3
    value: "ray('12345');"
    isSelected: true
4:
    selected: false
    lineNumber: 4
    value: ''
    isSelected: false
