        /**
        @var Ray $ray
         */
        $ray = ray()->text('hello world')
            ->blue()
            ->large();

        Ray::rateLimiter()
