3:
    selected: false
    lineNumber: 3
    value: '3'
    isSelected: false
4:
    selected: false
    lineNumber: 4
    value: '4'
    isSelected: false
5:
    selected: false
    lineNumber: 5
    value: '5'
    isSelected: false
